// Jest Snapshot v1, https://goo.gl/fbAQLP

exports[`Simple Label Tests Simple Label T1 1`] = `
<div>
  This is a Simple Label: 
  Simple Label
</div>
`;
