// Jest Snapshot v1, https://goo.gl/fbAQLP

exports[`Header Headers with levels test 1`] = `
<h1
  className="defaultHeader"
>
  Header level 1
</h1>
`;
